sigma* = 0.949956

=== B=16 N=15;  binding shell s=23, d=8, q=256 ===
    j  classes          L_s     sum R_a  tau_shell   C_total   verdict
    2       16       51,033      218.37     0.9836    3.2278      PASS
    3       16       51,033      241.31     0.9655    3.3515      PASS
    4       23       51,033      296.61     0.9283    3.6661      FAIL
    5       23       51,033      321.27     0.9139    3.8064      FAIL
    6       29       51,033      354.67     0.8961    3.8698      FAIL
    7       34       51,033      380.72     0.8833    4.1241      FAIL
    8       34       51,033      389.16     0.8794    4.3038      FAIL
    9       38       51,033      497.75     0.8350    4.5236      FAIL
   10       38       51,033      453.85     0.8516    4.2317      FAIL
   11       41       51,033      511.18     0.8302    4.5949      FAIL
   12       43       51,033      510.77     0.8303    4.6152      FAIL
   13       43       51,033      436.75     0.8586    4.2446      FAIL
  --> best j=2: tau_shell=0.9836, total C=3.2278

=== B=20 N=18;  binding shell s=28, d=9, q=512 ===
    j  classes          L_s     sum R_a  tau_shell   C_total   verdict
    2       18      663,535      931.59     1.0529    2.5982      PASS
    3       18      663,535     1084.79     1.0285    2.6453      PASS
    4       27      663,535     1208.31     1.0112    2.7005      PASS
    5       27      663,535     1285.56     1.0013    2.7644      PASS
    6       35      663,535     1441.04     0.9830    2.9446      PASS
    7       42      663,535     1559.31     0.9703    3.0206      PASS
    8       42      663,535     1566.60     0.9696    2.9635      PASS
    9       48      663,535     1678.50     0.9585    3.0762      PASS
   10       48      663,535     1627.33     0.9635    3.0390      PASS
   11       53      663,535     1707.70     0.9558    3.0961      PASS
   12       57      663,535     1777.72     0.9493    3.0671      FAIL
   13       57      663,535     1714.25     0.9552    3.0618      PASS
   14       60      663,535     1705.61     0.9560    3.0549      PASS
   15       60      663,535     1591.18     0.9671    2.9917      PASS
   16       62      663,535     1665.89     0.9597    3.0573      PASS
  --> best j=2: tau_shell=1.0529, total C=2.5982

