sigma* = 0.949955527;  crossover kappa for the a=j class: 1/(alpha-Delta) = 0.862458
  max gain at that crossover = I0*(kappa-1/alpha) = 0.018364  (vs 0.001513 at kappa=0.65)

==============================================================================
kappa=0.65 PRIMARY: B=20 N=13, balanced split j=6
==============================================================================
     s   d  #cls  thin     L_thin  L_thin*q/L_s  W_comb bound  bulk tau  C_shell
    20   1     4     1      1,188        0.2953        0.4427    9.0995   2.0000
  TOTAL proved bound / cylinder main = C = 2.0000

==============================================================================
kappa=0.94: B=16 N=15, balanced split j=7
==============================================================================
     s   d  #cls  thin     L_thin  L_thin*q/L_s  W_comb bound  bulk tau  C_shell
    16   1     2     2         14        2.0000       15.0000       nan   2.0000
    17   2     3     2         54        2.1176        8.0000    1.5658   2.9661
    18   3     4     2        150        2.3529        4.5000    1.3508   3.0647
    19   4     5     2        360        2.9268        2.6471    1.1888   3.2016
    20   5     5     1        791        4.1044        1.0217    1.1097   3.4054
    21   6     5     1      1,683        6.8350        0.6641    1.0226   3.8617
    22   7     5     1      3,186       12.2113        0.4427    0.9628   4.4712
    23   8     5     1      4,689       23.5217        0.3019    0.8925   5.8197
  TOTAL proved bound / cylinder main = C = 4.1241

==============================================================================
kappa=0.90 STRESS: B=20 N=18, balanced split j=9
==============================================================================
     s   d  #cls  thin     L_thin  L_thin*q/L_s  W_comb bound  bulk tau  C_shell
    20   1     3     2         78        1.0400        9.4737       nan   2.0000
    21   2     4     2        253        1.1121        5.2105    2.0977   2.4616
    22   3     5     2        668        1.2530        2.9774    1.6991   2.4971
    23   4     6     2      1,460        1.4260        1.7594    1.4200   2.6788
    24   5     6     1      3,002        1.8118        0.5355    1.3278   2.6649
    25   6     6     1      6,420        2.7842        0.3347    1.2527   2.7259
    26   7     6     1     12,640        4.6084        0.2142    1.1604   2.9515
    27   8     6     1     21,662        8.3575        0.1400    1.0719   3.3870
    28   9     6     1     21,662       16.7149        0.0934    0.9655   4.5903
  TOTAL proved bound / cylinder main = C = 3.0762

