
  BEST split j=2:  L_total=8,045  true H(0)=4,032  cylinder main=4022.50
     true C (=H/main)          : 1.0024
     PROVED bound / main = C   : 2.0000   <- the constant delivered
     sum_a R_a                 : 35.50
     s   d          L_s    H_s(0)       L_s/q    sum R_a       bound  tau_eff  #triv used
    20   1        8,045     4,032     4022.50      35.50     8045.00   7.8241           2

  sigma* = 0.949956.  tau_eff > sigma* is what the aggregate energy estimate must give.

==============================================================================
kappa=0.90 (stress): B=20, N=18
==============================================================================
  j=2: classes=18  words covered=1,900,452  non-product=0  domination violations=0  R violations=0  negative energy=0
  j=3: classes=18  words covered=1,900,452  non-product=0  domination violations=0  R violations=0  negative energy=0
  j=4: classes=27  words covered=1,900,452  non-product=0  domination violations=0  R violations=0  negative energy=0
  j=5: classes=27  words covered=1,900,452  non-product=0  domination violations=0  R violations=0  negative energy=0
  j=6: classes=35  words covered=1,900,452  non-product=0  domination violations=0  R violations=0  negative energy=0
  j=7: classes=42  words covered=1,900,452  non-product=0  domination violations=0  R violations=0  negative energy=0
  j=8: classes=42  words covered=1,900,452  non-product=0  domination violations=0  R violations=0  negative energy=0
  j=9: classes=48  words covered=1,900,452  non-product=0  domination violations=0  R violations=0  negative energy=0
  j=10: classes=48  words covered=1,900,452  non-product=0  domination violations=0  R violations=0  negative energy=0
  j=11: classes=53  words covered=1,900,452  non-product=0  domination violations=0  R violations=0  negative energy=0
  j=12: classes=57  words covered=1,900,452  non-product=0  domination violations=0  R violations=0  negative energy=0
  j=13: classes=57  words covered=1,900,452  non-product=0  domination violations=0  R violations=0  negative energy=0
  j=14: classes=60  words covered=1,900,452  non-product=0  domination violations=0  R violations=0  negative energy=0
  j=15: classes=60  words covered=1,900,452  non-product=0  domination violations=0  R violations=0  negative energy=0
  j=16: classes=62  words covered=1,900,452  non-product=0  domination violations=0  R violations=0  negative energy=0

  BEST split j=2:  L_total=1,900,452  true H(0)=12,409  cylinder main=12452.95
     true C (=H/main)          : 0.9965
     PROVED bound / main = C   : 2.5982   <- the constant delivered
     sum_a R_a                 : 3728.55
     s   d          L_s    H_s(0)       L_s/q    sum R_a       bound  tau_eff  #triv used
    20   1          150        80       75.00       4.00      150.00   5.2288           2
    21   2          910       243      227.50      28.56      512.11   2.4970           0
    22   3        4,265       566      533.12      71.95     1210.16   1.9631           0
    23   4       16,382       976     1023.88     153.43     2354.61   1.6846           0
    24   5       53,020     1,513     1656.88     278.39     3870.53   1.5147           0
    25   6      147,575     2,349     2305.86     458.56     5528.84   1.3884           0
    26   7      351,080     2,733     2742.81     706.08     6897.78   1.2797           0
    27   8      663,535     2,636     2591.93    1095.99     7375.84   1.1552           0
    28   9      663,535     1,313     1295.97     931.59     4455.11   1.0529           0

  sigma* = 0.949956.  tau_eff > sigma* is what the aggregate energy estimate must give.
