     s   d    a   |U|        |V|         xA         xB     |V|/q  tau_cls
    16   1    2     1         13     1.0000   0.147929       6.5   2.3785
    16   1    3     1          1     1.0000   1.000000       0.5   1.0000
    17   2    2     1         90     3.0000   0.026173      22.5   1.9177
    17   2    3     1         12     3.0000   0.388889       3.0   0.9444
    18   3    2     1        435     7.0000   0.012340      54.4   1.5889
    18   3    3     1         75     7.0000   0.053867       9.4   1.2345
    19   4    2     1      1,641    15.0000   0.003458     102.6   1.5336
    19   4    3     1        327    15.0000   0.043384      20.4   1.0775
    20   5    2     1      5,068    31.0000   0.001629     158.4   1.4308
    20   5    3     1      1,099    31.0000   0.019055      34.3   1.0759
    21   6    2     1     12,843    63.0000   0.003049     200.7   1.1983
    21   6    3     1      2,916    63.0000   0.013140      45.6   1.0227
    22   7    2     1     27,093   127.0000   0.003385     211.7   1.0870
    22   7    3     1      6,303   127.0000   0.014671      49.2   0.9359
    23   8    2     1     41,343   255.0000   0.002825     161.5   1.0296
    23   8    3     1      9,690   255.0000   0.018093      37.9   0.8621
  worst per-class tau = 0.8621   (need > 0.9500)

=== B=20, N=18, j=2 (best split found) ===
     s   d    a   |U|        |V|         xA         xB     |V|/q  tau_cls
    20   1    2     1        135     1.0000   0.002689      67.5   5.2695
    20   1    3     1         15     1.0000   0.004444       7.5   4.9069
    21   2    2     1        793     3.0000   0.003529     198.2   2.6404
    21   2    3     1        117     3.0000   0.025933      29.2   1.9210
    22   3    2     1      3,631     7.0000   0.001913     453.9   2.0371
    22   3    3     1        634     7.0000   0.008588      79.2   1.6760
    23   4    2     1     13,717    15.0000   0.001089     857.3   1.7420
    23   4    3     1      2,665    15.0000   0.004623     166.6   1.4813
    24   5    2     1     43,894    31.0000   0.000687    1371.7   1.5553
    24   5    3     1      9,126    31.0000   0.002426     285.2   1.3733
    25   6    2     1    121,255    63.0000   0.000471    1894.6   1.4228
    25   6    3     1     26,320    63.0000   0.001637     411.2   1.2731
    26   7    2     1    287,143   127.0000   0.000330    2243.3   1.3268
    26   7    3     1     63,937   127.0000   0.001920     499.5   1.1454
    27   8    2     1    541,558   255.0000   0.000461    2115.5   1.1930
    27   8    3     1    121,977   255.0000   0.002372     476.5   1.0453
    28   9    2     1    541,558   511.0000   0.000666    1057.7   1.0864
    28   9    3     1    121,977   511.0000   0.003414     238.2   0.9554
  worst per-class tau = 0.9554   (need > 0.9500)
