
==============================================================================
kappa=0.65 PRIMARY: B=20 N=13 j=6, frozen band min(k,e-k) <= floor(0.1*N) = 1
==============================================================================
  my old numeric thin classes (|U|=1 or |V|=1): 1
  of those NOT in the frozen band: 0
     s   d  #cls  band     L_thin  thin*q/L_s   comb bnd  bulk tau  C_shell
    20   1     4     2      4,073      1.0126     5.8235       nan   2.0000
  TOTAL proved bound / cylinder main = C = 2.0000

==============================================================================
kappa=0.90 STRESS: B=20 N=18 j=9, frozen band min(k,e-k) <= floor(0.1*N) = 1
==============================================================================
  my old numeric thin classes (|U|=1 or |V|=1): 13
  of those NOT in the frozen band: 0
     s   d  #cls  band     L_thin  thin*q/L_s   comb bnd  bulk tau  C_shell
    20   1     3     3        150      2.0000    36.0000       nan   2.0000
    21   2     4     4        910      4.0000    72.0000       nan   4.0000
    22   3     5     4      2,780      5.2145    95.2782    1.7711   6.0510
    23   4     6     4      6,977      6.8143   125.5940    1.4669   8.2772
    24   5     6     3     14,674      8.8564   166.4544    1.3529  10.7286
    25   6     6     2     30,332     13.1543   222.7551    1.2604  15.2811
    26   7     6     2     62,680     22.8525   301.5762    1.1675  25.2243
    27   8     6     2    110,334     42.5682   413.3492    1.0749  45.3363
    28   9     6     2    110,334     85.1364   573.6275    0.9703  88.8110
  TOTAL proved bound / cylinder main = C = 29.5162
