sigma* = 1 - I0/alpha = 0.949955527   (need sigma_eff > sigma*)

=== kappa~0.94: B=16, N=15; split classes=69 ===
     s   d     L=#U#V     |err|     C-S bnd   sig_CS  sig_oracle  EA/EA_max
    20   5      2,190      1.56       42.83   1.1352      2.0906     0.0000
    21   6      3,844      4.94       68.98   0.9667      1.6008     0.0000
    21   6      4,380      0.56       57.85   1.0404      2.1545     0.0000
    21   6      2,190      1.22       41.95   0.9510      1.8019     0.0000
    21   6      1,280      2.00       23.56   0.9606      1.5537     0.0000
    22   7      9,610      3.92       98.01   0.9451      1.6084     0.0000
    22   7      3,844      1.03       63.54   0.8455      1.6949     0.0000
    22   7      7,300      0.97       70.21   0.9572      1.8399     0.0000
    22   7      4,380      7.22       55.30   0.9011      1.3207     0.0000
    22   7      2,190      0.11       39.58   0.8271      2.0413     0.0000
    22   7      1,600      0.50       31.61   0.8088      1.6634     0.0000
    22   7      1,280      2.00       28.39   0.7849      1.3317     0.0000
    23   8     15,376      4.94      127.37   0.8644      1.4506     0.0000
    23   8      6,727      6.28       85.81   0.7866      1.2582     0.0000
    23   8     10,220      4.92       97.37   0.8392      1.3775     0.0000
    23   8      6,570      6.66       78.87   0.7975      1.2432     0.0000
    23   8      3,650      1.74       59.26   0.7431      1.3791     0.0000
    23   8      1,460      0.70       37.70   0.6594      1.3775     0.0000
    23   8      1,920      1.50       38.73   0.7039      1.2902     0.0000
    23   8      1,600      1.25       35.43   0.6871      1.2902     0.0000
    23   8      1,280      1.00       31.75   0.6667      1.2902     0.0000
  --- worst-case sigma over classes:  C-S 0.4129   oracle 0.8667   (need > 0.9500)
  --- totals: L=108,837  observed err=133.84  C-S=1844.56   C-S/observed = 13.8x loss

=== kappa=0.90: B=20, N=18; split classes=96 ===
     s   d     L=#U#V     |err|     C-S bnd   sig_CS  sig_oracle  EA/EA_max
    23   4      6,167      1.44       74.46   1.5930      3.0167     0.0000
    23   4      5,190     43.38       80.82   1.5012      1.7257     0.0000
    23   4      2,595      6.81       59.15   1.3638      2.1433     0.0000
    24   5      9,592     34.75       74.57   1.4014      1.6217     0.0000
    24   5     18,501     33.16      119.79   1.4542      1.8248     0.0000
    24   5      6,167     26.72       71.51   1.2861      1.5701     0.0000
    24   5      7,785     16.28       88.25   1.2926      1.7803     0.0000
    24   5      5,190     11.19       73.29   1.2292      1.7715     0.0000
    24   5      2,595     10.09       52.68   1.1245      1.6012     0.0000
    25   6      8,045     11.70       79.05   1.1115      1.5708     0.0000
    25   6     38,368      7.50      138.12   1.3530      2.0535     0.0000
    25   6      9,592      1.88       70.76   1.1804      2.0535     0.0000
    25   6     37,002     18.84      168.74   1.2961      1.8232     0.0000
    25   6     18,501      2.08      122.37   1.2067      2.1867     0.0000
    25   6      6,167      3.64       71.80   1.0707      1.7877     0.0000
    25   6     10,380      6.19      104.03   1.1068      1.7854     0.0000
    25   6      7,785      4.36       90.84   1.0702      1.8004     0.0000
    25   6      5,190     21.91       74.78   1.0195      1.3147     0.0000
    25   6      2,595     11.45       53.30   0.9342      1.3040     0.0000
    26   7     40,225     14.74      180.78   1.1140      1.6306     0.0000
    26   7     95,920     22.38      239.80   1.2348      1.7237     0.0000
    26   7     38,368     20.75      155.47   1.1353      1.5504     0.0000
    26   7      9,592      2.06       78.67   0.9900      1.7405     0.0000
    26   7     61,670     19.20      241.66   1.1422      1.6641     0.0000
    26   7     37,002     13.08      190.34   1.0861      1.6380     0.0000
    26   7     18,501     16.46      136.23   1.0122      1.4478     0.0000
    26   7      6,167      3.18       79.28   0.8974      1.5602     0.0000
    26   7     12,975     14.63      120.45   0.9645      1.3989     0.0000
    26   7     10,380     12.09      108.17   0.9406      1.3922     0.0000
    26   7      7,785      2.82       94.05   0.9102      1.6329     0.0000
    26   7      5,190      5.45       77.10   0.8675      1.4135     0.0000
    26   7      2,595      1.27       54.73   0.7953      1.5704     0.0000
    27   8     96,540      4.89      272.17   1.0588      1.7836     0.0000
    27   8    182,248      9.09      332.51   1.1373      1.7863     0.0000
    27   8     86,328      9.78      233.63   1.0662      1.6384     0.0000
    27   8     28,776     10.59      136.51   0.9650      1.4259     0.0000
    27   8     92,505      0.65      295.91   1.0360      2.1392     0.0000
    27   8     61,670      6.10      244.10   0.9976      1.6629     0.0000
    27   8     37,002     17.46      190.61   0.9501      1.3812     0.0000
    27   8     18,501      0.73      135.59   0.8865      1.8286     0.0000
    27   8     15,570      1.82      120.75   0.8763      1.6328     0.0000
    27   8     12,975     18.68      110.44   0.8595      1.1800     0.0000
    27   8     10,380      3.55       98.98   0.8391      1.4394     0.0000
    27   8      7,785      1.41       85.89   0.8128      1.5538     0.0000
    27   8      5,190      2.73       70.27   0.7758      1.3618     0.0000
    27   8      2,595      3.86       49.78   0.7130      1.1740     0.0000
    28   9     96,540      8.45      257.74   0.9499      1.4979     0.0000
    28   9    182,248     17.05      327.37   1.0134      1.4871     0.0000
    28   9     86,328     11.39      227.58   0.9519      1.4320     0.0000
    28   9     28,776      3.80      132.18   0.8629      1.4320     0.0000
    28   9     92,505     20.67      279.47   0.9301      1.3475     0.0000
    28   9     61,670      4.45      229.33   0.8968      1.5287     0.0000
    28   9     37,002     10.27      178.34   0.8552      1.3128     0.0000
    28   9     18,501      0.13      126.48   0.7992      1.8963     0.0000
    28   9     15,570      0.59      121.82   0.7775      1.6320     0.0000
    28   9     12,975      3.66      111.31   0.7628      1.3103     0.0000
    28   9     10,380      2.27       99.66   0.7447      1.3507     0.0000
    28   9      7,785      1.21       86.39   0.7215      1.4064     0.0000
    28   9      5,190      3.86       70.61   0.6889      1.1546     0.0000
    28   9      2,595      2.93       49.98   0.6331      1.0878     0.0000
  --- worst-case sigma over classes:  C-S 0.5400   oracle 0.9962   (need > 0.9500)
  --- totals: L=1,899,102  observed err=727.05  C-S=9090.73   C-S/observed = 12.5x loss
